%!PS-Adobe-3.0 
%%Creator: QRCoder.NET
%%Title: QRCode
%%DocumentData: Clean7Bit
%%Origin: 0
%%DocumentMedia: Default 165 165 0 () ()
%%BoundingBox: 0 0 165 165
%%LanguageLevel: 2 
%%Pages: 1
%%Page: 1 1
%%EndComments
%%BeginConstants
/sz 165 def
/sc 5 def
%%EndConstants
%%BeginFeature: *PageSize Default
<< /PageSize [ sz sz ] /ImagingBBox null >> setpagedevice
%%EndFeature
%%BeginFunctions 
/csquare {
    newpath
    0 0 moveto
    0 1 rlineto
    1 0 rlineto
    0 -1 rlineto
    closepath
    setrgbcolor
    fill
} def
/f { 
    1 0 0 csquare
    1 0 translate
} def
/b { 
    1 0 translate
} def 
/background { 
    0 0 1 csquare 
} def
/nl {
    -33 -1 translate
} def
%%EndFunctions
%%BeginBody
0 0 moveto
gsave
sz sz scale
background
grestore
gsave
sc sc scale
0 33 1 sub translate
b b b b b b b b b b b b b b b b b b b b b b b b b b b b b b b b b 
nl
b b b b b b b b b b b b b b b b b b b b b b b b b b b b b b b b b 
nl
b b b b b b b b b b b b b b b b b b b b b b b b b b b b b b b b b 
nl
b b b b b b b b b b b b b b b b b b b b b b b b b b b b b b b b b 
nl
b b b b f f f f f f f b f b f b f b b b f b f f f f f f f b b b b 
nl
b b b b f b b b b b f b b f f f f b b b b b f b b b b b f b b b b 
nl
b b b b f b f f f b f b f f f b b f f b b b f b f f f b f b b b b 
nl
b b b b f b f f f b f b f f f b f f f f f b f b f f f b f b b b b 
nl
b b b b f b f f f b f b f b b f f b b f f b f b f f f b f b b b b 
nl
b b b b f b b b b b f b b b f f b b b b f b f b b b b b f b b b b 
nl
b b b b f f f f f f f b f b f b f b f b f b f f f f f f f b b b b 
nl
b b b b b b b b b b b b b b f b f b b b b b b b b b b b b b b b b 
nl
b b b b f f f f b b f b f b f f b b f b f f b b f f f b f b b b b 
nl
b b b b f f b f f f b f f b f b f b f b b b b b b f f b b b b b b 
nl
b b b b b f f f f f f b b f f f f b b b f f b f f f b b b b b b b 
nl
b b b b b b b f b f b b f f f f f f b f f b b f b f f b b b b b b 
nl
b b b b f b f f b f f f b f f f b f b b b f f b f b f b b b b b b 
nl
b b b b b f f f b f b b b b b b b b f f f b f f f b b f f b b b b 
nl
b b b b b f b b b f f f f f b b f f b b b b b f b f b f b b b b b 
nl
b b b b f b f f b f b f f f f f f b f b b f f b b f b b f b b b b 
nl
b b b b b b f b f f f f f f f f b f f b f f f f f b f b b b b b b 
nl
b b b b b b b b b b b b f f b f b f b b f b b b f b f f b b b b b 
nl
b b b b f f f f f f f b b b b b b b b b f b f b f f b f f b b b b 
nl
b b b b f b b b b b f b b f f b b b f f f b b b f f b b f b b b b 
nl
b b b b f b f f f b f b b b f b f b b b f f f f f b b b f b b b b 
nl
b b b b f b f f f b f b f b f f f b f b b f f b f f f f f b b b b 
nl
b b b b f b f f f b f b f b b f b b f b f b f b f f b f b b b b b 
nl
b b b b f b b b b b f b f f f f b f f b b f b b f f f b b b b b b 
nl
b b b b f f f f f f f b f b b b b f b b b f f b b b f f f b b b b 
nl
b b b b b b b b b b b b b b b b b b b b b b b b b b b b b b b b b 
nl
b b b b b b b b b b b b b b b b b b b b b b b b b b b b b b b b b 
nl
b b b b b b b b b b b b b b b b b b b b b b b b b b b b b b b b b 
nl
b b b b b b b b b b b b b b b b b b b b b b b b b b b b b b b b b 
%%EndBody
grestore
showpage   
%%EOF
