ST00011|Name=ООО «Три кита»|PersonalAcc=40702810138250123017|BankName=ОАО "БАНК"|BIC=044525225|CorrespAcc=30101810965770000413|